
AssertionSuccess new Func<int, int, bool>((a, b) => a == b)(v_01.expected, v_02.collection.Count())
 with a = [int]3
 and b = [int]3
 and v_01.expected = [int]3
 and v_02.collection = [int[]]@([int]1,[int]2,[int]3).
 Message: with [string]"format" message
