
AssertionFailure new Func<int, int, bool>((a, b) => a == b)(v_01.expectedCount, v_02.actual.Count())
 with a = [int]4
 and b = [int]3
 and v_01.expectedCount = [int]4
 and v_02.actual = [int[]]@([int]1,[int]2,[int]3).
 Message: [string]"with message"
